if (long_call([xx + 10, yy + 90 + (20 * i) - 2, xx + long_object.width, yy + 90 + (20 * i) + 18])) {}

if (!long_call([el1, el2])) {}

if (foo == 0 && foo == 0 && !long_call([long_object, long_object])) {}

if (foo == 0 && !long_call([long_object, long_object]) && foo == 0) {}

if (!long_call([long_object, long_object]) || long_call(obj_fleet)) {}

var struct = {
    foo: bar,
    // leading
    " baz ": qux, // trailing
    noone: function() {
        return {};
    },
    nested: {
        constructor: [
            [
                5,
                2,
                4,
            ],
        ],
    },
};

array = [
    [
        1,
        2,
        3,
    ],
    [
        1,
        2,
        3,
    ],
    [
        1,
        2,
        3,
    ],
];
